<?php return array (
  0 => 'Symfony\\Bundle\\FrameworkBundle\\Controller\\AbstractController',
  1 => 'App\\Controller\\AbonnementAdminController',
  2 => 'App\\Controller\\AbonnementController',
  3 => 'App\\Controller\\AdminController',
  4 => 'App\\Controller\\AvisAdminController',
  5 => 'App\\Controller\\AvisController',
  6 => 'App\\Controller\\HomeController',
  7 => 'App\\Controller\\Offre2AdminController',
  8 => 'App\\Controller\\Offre2Controller',
  9 => 'App\\Controller\\OffreAdminController',
  10 => 'App\\Controller\\OffreController',
  11 => 'App\\Controller\\ReservationBusAdminController',
  12 => 'App\\Controller\\ReservationBusController',
  13 => 'App\\Controller\\ReservationCovoiturageAdminController',
  14 => 'App\\Controller\\ReservationCovoiturageController',
  15 => 'App\\Entity\\Abonnement',
  16 => 'App\\Entity\\Avis',
  17 => 'App\\Entity\\Categories',
  18 => 'App\\Entity\\Conversation',
  19 => 'App\\Entity\\Etudiant',
  20 => 'App\\Entity\\Evenements',
  21 => 'App\\Entity\\Friends',
  22 => 'App\\Entity\\Message',
  23 => 'App\\Entity\\Messagerie',
  24 => 'App\\Entity\\Offre',
  25 => 'App\\Entity\\Offre2',
  26 => 'App\\Entity\\Reclamation',
  27 => 'App\\Entity\\ReservationBus',
  28 => 'App\\Entity\\ReservationCovoiturage',
  29 => 'App\\Entity\\User',
  30 => 'Doctrine\\Bundle\\DoctrineBundle\\Controller\\ProfilerController',
  31 => 'Doctrine\\ORM\\Cache\\Persister\\Entity\\AbstractEntityPersister',
  32 => 'Doctrine\\ORM\\Cache\\Persister\\Entity\\CachedEntityPersister',
  33 => 'Doctrine\\ORM\\Cache\\Persister\\Entity\\NonStrictReadWriteCachedEntityPersister',
  34 => 'Doctrine\\ORM\\Cache\\Persister\\Entity\\ReadOnlyCachedEntityPersister',
  35 => 'Doctrine\\ORM\\Cache\\Persister\\Entity\\ReadWriteCachedEntityPersister',
  36 => 'Doctrine\\ORM\\Persisters\\Entity\\AbstractEntityInheritancePersister',
  37 => 'Doctrine\\ORM\\Persisters\\Entity\\BasicEntityPersister',
  38 => 'Doctrine\\ORM\\Persisters\\Entity\\CachedPersisterContext',
  39 => 'Doctrine\\ORM\\Persisters\\Entity\\EntityPersister',
  40 => 'Doctrine\\ORM\\Persisters\\Entity\\JoinedSubclassPersister',
  41 => 'Doctrine\\ORM\\Persisters\\Entity\\SingleTablePersister',
  42 => 'Endroid\\QrCodeBundle\\Controller\\GenerateController',
  44 => 'Symfony\\Bundle\\FrameworkBundle\\Controller\\ControllerResolver',
  45 => 'Symfony\\Bundle\\FrameworkBundle\\Controller\\RedirectController',
  46 => 'Symfony\\Bundle\\FrameworkBundle\\Controller\\TemplateController',
  47 => 'Symfony\\Component\\HttpKernel\\Controller\\ArgumentResolver',
  48 => 'Symfony\\Component\\HttpKernel\\Controller\\ArgumentResolverInterface',
  49 => 'Symfony\\Component\\HttpKernel\\Controller\\ArgumentResolver\\DefaultValueResolver',
  50 => 'Symfony\\Component\\HttpKernel\\Controller\\ArgumentResolver\\NotTaggedControllerValueResolver',
  51 => 'Symfony\\Component\\HttpKernel\\Controller\\ArgumentResolver\\RequestAttributeValueResolver',
  52 => 'Symfony\\Component\\HttpKernel\\Controller\\ArgumentResolver\\RequestValueResolver',
  53 => 'Symfony\\Component\\HttpKernel\\Controller\\ArgumentResolver\\ServiceValueResolver',
  54 => 'Symfony\\Component\\HttpKernel\\Controller\\ArgumentResolver\\SessionValueResolver',
  55 => 'Symfony\\Component\\HttpKernel\\Controller\\ArgumentResolver\\TraceableValueResolver',
  56 => 'Symfony\\Component\\HttpKernel\\Controller\\ArgumentResolver\\VariadicValueResolver',
  57 => 'Symfony\\Component\\HttpKernel\\Controller\\ArgumentValueResolverInterface',
  58 => 'Symfony\\Component\\HttpKernel\\Controller\\ContainerControllerResolver',
  59 => 'Symfony\\Component\\HttpKernel\\Controller\\ControllerReference',
  60 => 'Symfony\\Component\\HttpKernel\\Controller\\ControllerResolver',
  61 => 'Symfony\\Component\\HttpKernel\\Controller\\ControllerResolverInterface',
  62 => 'Symfony\\Component\\HttpKernel\\Controller\\ErrorController',
  63 => 'Symfony\\Component\\HttpKernel\\Controller\\TraceableArgumentResolver',
  64 => 'Symfony\\Component\\HttpKernel\\Controller\\TraceableControllerResolver',
  65 => 'Twilio\\Rest\\Verify\\V2\\Service\\Entity\\ChallengeContext',
  66 => 'Twilio\\Rest\\Verify\\V2\\Service\\Entity\\ChallengeInstance',
  67 => 'Twilio\\Rest\\Verify\\V2\\Service\\Entity\\ChallengeList',
  68 => 'Twilio\\Rest\\Verify\\V2\\Service\\Entity\\ChallengeOptions',
  69 => 'Twilio\\Rest\\Verify\\V2\\Service\\Entity\\ChallengePage',
  70 => 'Twilio\\Rest\\Verify\\V2\\Service\\Entity\\Challenge\\NotificationInstance',
  71 => 'Twilio\\Rest\\Verify\\V2\\Service\\Entity\\Challenge\\NotificationList',
  72 => 'Twilio\\Rest\\Verify\\V2\\Service\\Entity\\Challenge\\NotificationOptions',
  73 => 'Twilio\\Rest\\Verify\\V2\\Service\\Entity\\Challenge\\NotificationPage',
  74 => 'Twilio\\Rest\\Verify\\V2\\Service\\Entity\\FactorContext',
  75 => 'Twilio\\Rest\\Verify\\V2\\Service\\Entity\\FactorInstance',
  76 => 'Twilio\\Rest\\Verify\\V2\\Service\\Entity\\FactorList',
  77 => 'Twilio\\Rest\\Verify\\V2\\Service\\Entity\\FactorOptions',
  78 => 'Twilio\\Rest\\Verify\\V2\\Service\\Entity\\FactorPage',
  79 => 'Twilio\\Rest\\Verify\\V2\\Service\\Entity\\NewFactorInstance',
  80 => 'Twilio\\Rest\\Verify\\V2\\Service\\Entity\\NewFactorList',
  81 => 'Twilio\\Rest\\Verify\\V2\\Service\\Entity\\NewFactorOptions',
  82 => 'Twilio\\Rest\\Verify\\V2\\Service\\Entity\\NewFactorPage',
);